<html>
<body>
<pre>
<h1>µVision Build Log</h1>
<h2>Project:</h2>
C:\PROJECT\usb-can\GD32F10x_USB_OTG_FS_Lib_V1.0.01\GD32F10x_USB_OTG_FS_Lib_V1.0.0\Project\USB_Device_Examples\VCP\MDK-ARM\usbd_vcp.uvproj
Project File Date:  04/03/2017

<h2>Output:</h2>
Build target 'GD3210C-EVAL_USBD-VCP'
compiling app.c...
linking...
Program Size: Code=16528 RO-data=6920 RW-data=480 ZI-data=3096  
FromELF: creating hex file...
".\GD3210C-OBJ\USBD-VCP.axf" - 0 Error(s), 0 Warning(s).
Load "C:\\PROJECT\\usb-can\\GD32F10x_USB_OTG_FS_Lib_V1.0.01\\GD32F10x_USB_OTG_FS_Lib_V1.0.0\\Project\\USB_Device_Examples\\VCP\\MDK-ARM\\GD3210C-OBJ\\USBD-VCP.axf" 
Erase Done.
Programming Done.
Verify OK.
</pre>
</body>
</html>
\\GD32F10x_USB_OTG_FS_Lib_V1.0.01\\GD32F10x_USB_OTG_FS_Lib_V1.0.0\\Project\\USB_Device_Examples\\VCP\\MDK-ARM\\GD3210C-OBJ\\USBD-VCP.axf" 
Erase Done.
Programming Done.
Verify OK.
ing gd32f10x_rcc.c...
compiling gd32f10x_usart.c...
compiling gd32f10x_timer.c...
compiling gd32f10x_pwr.c...
compiling gd32f10x_can.c...
compiling gd3210c_eval.c...
compiling gd3210c_eval_lcd.c...
linking...
.\GD3210C-OBJ\USBD-VCP.axf: Error: L6218E: Undefined symbol VCP_DataTx (referred from app.o).
Not enough information to list image symbols.
Finished: 1 information, 0 warning and 1 error messages.
".\GD3210C-OBJ\USBD-VCP.axf" - 1 Error(s), 0 Warning(s).
Target not created
ed
lcd.c...
".\GD3210C-OBJ\USBD-VCP.axf" - 1 Error(s), 1 Warning(s).
Target not created
